RGID,RGLB,RGSM,Lane,RGCN,RGDS,RGDT,RGPL,Read1File,Read2File
TGACGAAT+GCCTACTG.4.241024_A00130_0336_BHW7MVDSXC,L2401553,L2401553,4,UMCCR,Library ID: L2401553 - Sequenced on 24 Oct - 2024 at UMCCR - Phenotype: normal - Assay: TsqNano - Type: WGS,2024-10-24T00:00:00,Illumina,TGACGAAT+GCCTACTG.4.241024_A00130_0336_BHW7MVDSXC/L2401553_S27_L004_R1_001.fastq.ora,TGACGAAT+GCCTACTG.4.241024_A00130_0336_BHW7MVDSXC/L2401553_S27_L004_R2_001.fastq.ora
